{"test/fixtures/style.css":"614494e1320c83d6456525c5a80744d7"}